// Jest Snapshot v1, https://goo.gl/fbAQLP

exports[`Pagination component renders correctly 1`] = `
<div>
  <div
    class="pagination"
  >
    <span
      class="pages pages-current"
    >
      1
    </span>
    <span
      class="pages"
    >
      2
    </span>
    <span
      class="pages"
    >
      3
    </span>
    <span
      class="pages"
    >
      4
    </span>
    <span
      class="pages"
    >
      5
    </span>
  </div>
</div>
`;
